------------------------------------------------------------
Timing Analyzer Summary
------------------------------------------------------------

Type  : Slow 1200mV 85C Model Setup 'MAX10_CLK1_50'
Slack : -2.718
TNS   : -263.008

Type  : Slow 1200mV 85C Model Hold 'MAX10_CLK1_50'
Slack : 0.311
TNS   : 0.000

Type  : Slow 1200mV 85C Model Recovery 'MAX10_CLK1_50'
Slack : -0.752
TNS   : -39.236

Type  : Slow 1200mV 85C Model Removal 'MAX10_CLK1_50'
Slack : 0.812
TNS   : 0.000

Type  : Slow 1200mV 85C Model Minimum Pulse Width 'MAX10_CLK1_50'
Slack : -3.000
TNS   : -286.092

Type  : Slow 1200mV 0C Model Setup 'MAX10_CLK1_50'
Slack : -2.408
TNS   : -224.564

Type  : Slow 1200mV 0C Model Hold 'MAX10_CLK1_50'
Slack : 0.281
TNS   : 0.000

Type  : Slow 1200mV 0C Model Recovery 'MAX10_CLK1_50'
Slack : -0.595
TNS   : -27.382

Type  : Slow 1200mV 0C Model Removal 'MAX10_CLK1_50'
Slack : 0.759
TNS   : 0.000

Type  : Slow 1200mV 0C Model Minimum Pulse Width 'MAX10_CLK1_50'
Slack : -3.000
TNS   : -278.136

Type  : Fast 1200mV 0C Model Setup 'MAX10_CLK1_50'
Slack : -0.748
TNS   : -38.264

Type  : Fast 1200mV 0C Model Hold 'MAX10_CLK1_50'
Slack : 0.142
TNS   : 0.000

Type  : Fast 1200mV 0C Model Recovery 'MAX10_CLK1_50'
Slack : 0.138
TNS   : 0.000

Type  : Fast 1200mV 0C Model Removal 'MAX10_CLK1_50'
Slack : 0.382
TNS   : 0.000

Type  : Fast 1200mV 0C Model Minimum Pulse Width 'MAX10_CLK1_50'
Slack : -3.000
TNS   : -231.049

------------------------------------------------------------
