------------------------------------------------------------
Timing Analyzer Summary
------------------------------------------------------------

Type  : Slow 1200mV 85C Model Setup 'MAX10_CLK1_50'
Slack : -2.507
TNS   : -284.411

Type  : Slow 1200mV 85C Model Hold 'MAX10_CLK1_50'
Slack : 0.308
TNS   : 0.000

Type  : Slow 1200mV 85C Model Recovery 'MAX10_CLK1_50'
Slack : -0.738
TNS   : -36.901

Type  : Slow 1200mV 85C Model Removal 'MAX10_CLK1_50'
Slack : 0.610
TNS   : 0.000

Type  : Slow 1200mV 85C Model Minimum Pulse Width 'MAX10_CLK1_50'
Slack : -3.000
TNS   : -286.064

Type  : Slow 1200mV 0C Model Setup 'MAX10_CLK1_50'
Slack : -2.232
TNS   : -243.691

Type  : Slow 1200mV 0C Model Hold 'MAX10_CLK1_50'
Slack : 0.280
TNS   : 0.000

Type  : Slow 1200mV 0C Model Recovery 'MAX10_CLK1_50'
Slack : -0.580
TNS   : -25.937

Type  : Slow 1200mV 0C Model Removal 'MAX10_CLK1_50'
Slack : 0.566
TNS   : 0.000

Type  : Slow 1200mV 0C Model Minimum Pulse Width 'MAX10_CLK1_50'
Slack : -3.000
TNS   : -278.028

Type  : Fast 1200mV 0C Model Setup 'MAX10_CLK1_50'
Slack : -0.649
TNS   : -46.058

Type  : Fast 1200mV 0C Model Hold 'MAX10_CLK1_50'
Slack : 0.140
TNS   : 0.000

Type  : Fast 1200mV 0C Model Recovery 'MAX10_CLK1_50'
Slack : 0.145
TNS   : 0.000

Type  : Fast 1200mV 0C Model Removal 'MAX10_CLK1_50'
Slack : 0.285
TNS   : 0.000

Type  : Fast 1200mV 0C Model Minimum Pulse Width 'MAX10_CLK1_50'
Slack : -3.000
TNS   : -231.905

------------------------------------------------------------
