------------------------------------------------------------
Timing Analyzer Summary
------------------------------------------------------------

Type  : Slow 1200mV 85C Model Setup 'MAX10_CLK1_50'
Slack : -3.190
TNS   : -579.706

Type  : Slow 1200mV 85C Model Hold 'MAX10_CLK1_50'
Slack : 0.310
TNS   : 0.000

Type  : Slow 1200mV 85C Model Recovery 'MAX10_CLK1_50'
Slack : -0.786
TNS   : -53.169

Type  : Slow 1200mV 85C Model Removal 'MAX10_CLK1_50'
Slack : 0.468
TNS   : 0.000

Type  : Slow 1200mV 85C Model Minimum Pulse Width 'MAX10_CLK1_50'
Slack : -3.000
TNS   : -379.020

Type  : Slow 1200mV 0C Model Setup 'MAX10_CLK1_50'
Slack : -2.858
TNS   : -505.893

Type  : Slow 1200mV 0C Model Hold 'MAX10_CLK1_50'
Slack : 0.282
TNS   : 0.000

Type  : Slow 1200mV 0C Model Recovery 'MAX10_CLK1_50'
Slack : -0.624
TNS   : -38.949

Type  : Slow 1200mV 0C Model Removal 'MAX10_CLK1_50'
Slack : 0.430
TNS   : 0.000

Type  : Slow 1200mV 0C Model Minimum Pulse Width 'MAX10_CLK1_50'
Slack : -3.000
TNS   : -371.072

Type  : Fast 1200mV 0C Model Setup 'MAX10_CLK1_50'
Slack : -0.994
TNS   : -145.111

Type  : Fast 1200mV 0C Model Hold 'MAX10_CLK1_50'
Slack : 0.142
TNS   : 0.000

Type  : Fast 1200mV 0C Model Recovery 'MAX10_CLK1_50'
Slack : 0.120
TNS   : 0.000

Type  : Fast 1200mV 0C Model Removal 'MAX10_CLK1_50'
Slack : 0.224
TNS   : 0.000

Type  : Fast 1200mV 0C Model Minimum Pulse Width 'MAX10_CLK1_50'
Slack : -3.000
TNS   : -320.656

------------------------------------------------------------
